edfiadminapp-api | ["CMD-SHELL","curl -f http://localhost:3333/api/healthcheck || exit 1"]
edfiadminapp-fe | ["CMD-SHELL","curl -f http://localhost:4200/health || exit 1"]
edfiadminapp-keycloak | ["CMD-SHELL","/tmp/healthcheck.sh"]
edfiadminapp-mssql | ["CMD-SHELL","/opt/mssql-tools18/bin/sqlcmd -C -S localhost -U sa -P  -Q \"SELECT 1\" -b -l 10"]
edfiadminapp-postgres | ["CMD-SHELL","pg_isready -U postgres"]
memcached | ["CMD-SHELL","timeout 2 bash -ec \"exec 3<>/dev/tcp/127.0.0.1/11211; echo version >&3; head -n 1 <&3 | grep -q ^VERSION\""]
nginx | <none>
odsV7-adminV2-multi-adminapi | ["CMD-SHELL","wget --no-check-certificate  --header=\"tenant: tenant1\" --spider http://localhost/health"]
odsV7-adminV2-multi-api | ["CMD-SHELL","wget --no-check-certificate --spider http://localhost/health"]
odsV7-adminV2-single-adminapi | ["CMD-SHELL","wget --no-check-certificate --spider http://localhost/health"]
odsV7-adminV2-single-api | ["CMD-SHELL","wget --no-check-certificate --spider http://localhost/health"]
odsV7-adminV2-single-db-admin | ["CMD-SHELL","pg_isready  -U postgres"]
odsV7-adminV2-single-db-ods | ["CMD-SHELL","pg_isready -U postgres -h localhost -p 5432"]
odsV7-adminV2-tenant1-db-admin | ["CMD-SHELL","pg_isready  -U postgres"]
odsV7-adminV2-tenant1-db-ods | ["CMD-SHELL","pg_isready -U postgres -h localhost -p 5432"]
odsV7-adminV2-tenant2-db-admin | ["CMD-SHELL","pg_isready  -U postgres"]
odsV7-adminV2-tenant2-db-ods | ["CMD-SHELL","pg_isready -U postgres -h localhost -p 5432"]
odsV7-adminV3-multi-adminapi | ["CMD-SHELL","wget --no-check-certificate  --header=\"tenant: tenant1\" --spider http://localhost/health"]
odsV7-adminV3-multi-api | ["CMD-SHELL","wget --no-check-certificate --spider http://localhost/health"]
odsV7-adminV3-single-adminapi | ["CMD-SHELL","wget --no-check-certificate --spider http://localhost/health"]
odsV7-adminV3-single-api | ["CMD-SHELL","wget --no-check-certificate --spider http://localhost/health"]
odsV7-adminV3-single-db-admin | ["CMD-SHELL","pg_isready  -U postgres"]
odsV7-adminV3-single-db-ods | ["CMD-SHELL","pg_isready -U postgres -h localhost -p 5432"]
odsV7-adminV3-tenant1-db-admin | ["CMD-SHELL","pg_isready  -U postgres"]
odsV7-adminV3-tenant1-db-ods | ["CMD-SHELL","pg_isready -U postgres -h localhost -p 5432"]
odsV7-adminV3-tenant2-db-admin | ["CMD-SHELL","pg_isready  -U postgres"]
odsV7-adminV3-tenant2-db-ods | ["CMD-SHELL","pg_isready -U postgres -h localhost -p 5432"]
pgadmin4 | <none>
v6-adminapi | ["CMD-SHELL","wget --no-check-certificate --spider http://localhost/health"]
v6-api | ["CMD-SHELL","wget --no-check-certificate --spider http://localhost/health"]
v6-db-admin | ["CMD-SHELL","pg_isready  -U postgres"]
v6-edfi-ods_255901 | ["CMD-SHELL","pg_isready  -U postgres"]
v6-edfi-ods_255902 | ["CMD-SHELL","pg_isready  -U postgres"]
yopass | <none>
